../Core/Src/main.c:89:6:processCommand	104	static
../Core/Src/main.c:134:6:parseUARTBuffer	1056	static
../Core/Src/main.c:190:6:HAL_UART_RxCpltCallback	16	static
../Core/Src/main.c:198:6:requestFromSlice	24	static
../Core/Src/main.c:211:5:main	96	static
../Core/Src/main.c:295:6:SystemClock_Config	96	static
../Core/Src/main.c:339:13:MX_USART1_UART_Init	8	static
../Core/Src/main.c:375:13:MX_USART2_UART_Init	8	static
../Core/Src/main.c:408:13:MX_DMA_Init	16	static
../Core/Src/main.c:426:13:MX_GPIO_Init	40	static
../Core/Src/main.c:461:6:Error_Handler	4	static,ignoring_inline_asm
