../Core/Src/main.c:80:6:respondToLoaf	152	static
../Core/Src/main.c:95:6:parseUARTBuffer	1056	static
../Core/Src/main.c:158:6:HAL_UART_RxCpltCallback	16	static
../Core/Src/main.c:171:5:main	8	static
../Core/Src/main.c:243:6:SystemClock_Config	96	static
../Core/Src/main.c:292:13:MX_ADC2_Init	32	static
../Core/Src/main.c:349:13:MX_TIM1_Init	112	static
../Core/Src/main.c:429:13:MX_TIM2_Init	40	static
../Core/Src/main.c:474:13:MX_USART1_UART_Init	8	static
../Core/Src/main.c:507:13:MX_DMA_Init	16	static
../Core/Src/main.c:525:13:MX_GPIO_Init	40	static
../Core/Src/main.c:601:6:delay_us	24	static
../Core/Src/main.c:608:6:fire_triac	16	static
../Core/Src/main.c:615:6:HAL_GPIO_EXTI_Callback	24	static
../Core/Src/main.c:645:6:Error_Handler	4	static,ignoring_inline_asm
